ERROR - 2026-10-09 13:24:00 --> Error connecting to the database: mysqli_sql_exception: No such file or directory in /Applications/XAMPP/xamppfiles/htdocs/php-laravel/MD1/system/Database/MySQLi/Connection.php:201
Stack trace:
#0 /Applications/XAMPP/xamppfiles/htdocs/php-laravel/MD1/system/Database/MySQLi/Connection.php(201): mysqli->real_connect('localhost', 'root', Object(SensitiveParameterValue), 'ad_system', 3306, '', 0)
#1 /Applications/XAMPP/xamppfiles/htdocs/php-laravel/MD1/system/Database/BaseConnection.php(555): CodeIgniter\Database\MySQLi\Connection->connect(false)
#2 /Applications/XAMPP/xamppfiles/htdocs/php-laravel/MD1/system/Database/BaseConnection.php(795): CodeIgniter\Database\BaseConnection->initialize()
#3 /Applications/XAMPP/xamppfiles/htdocs/php-laravel/MD1/system/Database/BaseBuilder.php(1659): CodeIgniter\Database\BaseConnection->query('SELECT *\nFROM `...', Array, false)
#4 /Applications/XAMPP/xamppfiles/htdocs/php-laravel/MD1/system/Model.php(255): CodeIgniter\Database\BaseBuilder->get()
#5 /Applications/XAMPP/xamppfiles/htdocs/php-laravel/MD1/system/BaseModel.php(676): CodeIgniter\Model->doFindAll(0, 0)
#6 /Applications/XAMPP/xamppfiles/htdocs/php-laravel/MD1/app/Controllers/Customers.php(16): CodeIgniter\BaseModel->findAll()
#7 /Applications/XAMPP/xamppfiles/htdocs/php-laravel/MD1/system/CodeIgniter.php(974): App\Controllers\Customers->index()
#8 /Applications/XAMPP/xamppfiles/htdocs/php-laravel/MD1/system/CodeIgniter.php(520): CodeIgniter\CodeIgniter->runController(Object(App\Controllers\Customers))
#9 /Applications/XAMPP/xamppfiles/htdocs/php-laravel/MD1/system/CodeIgniter.php(363): CodeIgniter\CodeIgniter->handleRequest(NULL, Object(Config\Cache), false)
#10 /Applications/XAMPP/xamppfiles/htdocs/php-laravel/MD1/system/Boot.php(417): CodeIgniter\CodeIgniter->run()
#11 /Applications/XAMPP/xamppfiles/htdocs/php-laravel/MD1/system/Boot.php(68): CodeIgniter\Boot::runCodeIgniter(Object(CodeIgniter\CodeIgniter))
#12 /Applications/XAMPP/xamppfiles/htdocs/php-laravel/MD1/public/index.php(59): CodeIgniter\Boot::bootWeb(Object(Config\Paths))
#13 /Applications/XAMPP/xamppfiles/htdocs/php-laravel/MD1/system/rewrite.php(44): require_once('/Applications/X...')
#14 {main}

Next CodeIgniter\Database\Exceptions\DatabaseException: No such file or directory in /Applications/XAMPP/xamppfiles/htdocs/php-laravel/MD1/system/Database/MySQLi/Connection.php:231
Stack trace:
#0 /Applications/XAMPP/xamppfiles/htdocs/php-laravel/MD1/system/Database/BaseConnection.php(555): CodeIgniter\Database\MySQLi\Connection->connect(false)
#1 /Applications/XAMPP/xamppfiles/htdocs/php-laravel/MD1/system/Database/BaseConnection.php(795): CodeIgniter\Database\BaseConnection->initialize()
#2 /Applications/XAMPP/xamppfiles/htdocs/php-laravel/MD1/system/Database/BaseBuilder.php(1659): CodeIgniter\Database\BaseConnection->query('SELECT *\nFROM `...', Array, false)
#3 /Applications/XAMPP/xamppfiles/htdocs/php-laravel/MD1/system/Model.php(255): CodeIgniter\Database\BaseBuilder->get()
#4 /Applications/XAMPP/xamppfiles/htdocs/php-laravel/MD1/system/BaseModel.php(676): CodeIgniter\Model->doFindAll(0, 0)
#5 /Applications/XAMPP/xamppfiles/htdocs/php-laravel/MD1/app/Controllers/Customers.php(16): CodeIgniter\BaseModel->findAll()
#6 /Applications/XAMPP/xamppfiles/htdocs/php-laravel/MD1/system/CodeIgniter.php(974): App\Controllers\Customers->index()
#7 /Applications/XAMPP/xamppfiles/htdocs/php-laravel/MD1/system/CodeIgniter.php(520): CodeIgniter\CodeIgniter->runController(Object(App\Controllers\Customers))
#8 /Applications/XAMPP/xamppfiles/htdocs/php-laravel/MD1/system/CodeIgniter.php(363): CodeIgniter\CodeIgniter->handleRequest(NULL, Object(Config\Cache), false)
#9 /Applications/XAMPP/xamppfiles/htdocs/php-laravel/MD1/system/Boot.php(417): CodeIgniter\CodeIgniter->run()
#10 /Applications/XAMPP/xamppfiles/htdocs/php-laravel/MD1/system/Boot.php(68): CodeIgniter\Boot::runCodeIgniter(Object(CodeIgniter\CodeIgniter))
#11 /Applications/XAMPP/xamppfiles/htdocs/php-laravel/MD1/public/index.php(59): CodeIgniter\Boot::bootWeb(Object(Config\Paths))
#12 /Applications/XAMPP/xamppfiles/htdocs/php-laravel/MD1/system/rewrite.php(44): require_once('/Applications/X...')
#13 {main}
CRITICAL - 2026-10-09 13:24:00 --> CodeIgniter\Database\Exceptions\DatabaseException: Unable to connect to the database.
Main connection [MySQLi]: No such file or directory
[Method: GET, Route: customers]
in SYSTEMPATH/Database/BaseConnection.php on line 606.
 1 SYSTEMPATH/Database/BaseConnection.php(795): CodeIgniter\Database\BaseConnection->initialize()
 2 SYSTEMPATH/Database/BaseBuilder.php(1659): CodeIgniter\Database\BaseConnection->query('SELECT *
FROM `customers`', [], false)
 3 SYSTEMPATH/Model.php(255): CodeIgniter\Database\BaseBuilder->get()
 4 SYSTEMPATH/BaseModel.php(676): CodeIgniter\Model->doFindAll(0, 0)
 5 APPPATH/Controllers/Customers.php(16): CodeIgniter\BaseModel->findAll()
 6 SYSTEMPATH/CodeIgniter.php(974): App\Controllers\Customers->index()
 7 SYSTEMPATH/CodeIgniter.php(520): CodeIgniter\CodeIgniter->runController(Object(App\Controllers\Customers))
 8 SYSTEMPATH/CodeIgniter.php(363): CodeIgniter\CodeIgniter->handleRequest(null, Object(Config\Cache), false)
 9 SYSTEMPATH/Boot.php(417): CodeIgniter\CodeIgniter->run()
10 SYSTEMPATH/Boot.php(68): CodeIgniter\Boot::runCodeIgniter(Object(CodeIgniter\CodeIgniter))
11 FCPATH/index.php(59): CodeIgniter\Boot::bootWeb(Object(Config\Paths))
12 SYSTEMPATH/rewrite.php(44): require_once('/Applications/XAMPP/xamppfiles/htdocs/php-laravel/MD1/public/index.php')
ERROR - 2026-10-09 13:38:53 --> Error connecting to the database: mysqli_sql_exception: No such file or directory in /Applications/XAMPP/xamppfiles/htdocs/php-laravel/MD1/system/Database/MySQLi/Connection.php:201
Stack trace:
#0 /Applications/XAMPP/xamppfiles/htdocs/php-laravel/MD1/system/Database/MySQLi/Connection.php(201): mysqli->real_connect('localhost', 'root', Object(SensitiveParameterValue), 'ad_system', 3306, '', 0)
#1 /Applications/XAMPP/xamppfiles/htdocs/php-laravel/MD1/system/Database/BaseConnection.php(555): CodeIgniter\Database\MySQLi\Connection->connect(false)
#2 /Applications/XAMPP/xamppfiles/htdocs/php-laravel/MD1/system/Database/BaseConnection.php(795): CodeIgniter\Database\BaseConnection->initialize()
#3 /Applications/XAMPP/xamppfiles/htdocs/php-laravel/MD1/system/Database/BaseBuilder.php(1659): CodeIgniter\Database\BaseConnection->query('SELECT *\nFROM `...', Array, false)
#4 /Applications/XAMPP/xamppfiles/htdocs/php-laravel/MD1/system/Model.php(255): CodeIgniter\Database\BaseBuilder->get()
#5 /Applications/XAMPP/xamppfiles/htdocs/php-laravel/MD1/system/BaseModel.php(676): CodeIgniter\Model->doFindAll(0, 0)
#6 /Applications/XAMPP/xamppfiles/htdocs/php-laravel/MD1/app/Controllers/Customers.php(16): CodeIgniter\BaseModel->findAll()
#7 /Applications/XAMPP/xamppfiles/htdocs/php-laravel/MD1/system/CodeIgniter.php(974): App\Controllers\Customers->index()
#8 /Applications/XAMPP/xamppfiles/htdocs/php-laravel/MD1/system/CodeIgniter.php(520): CodeIgniter\CodeIgniter->runController(Object(App\Controllers\Customers))
#9 /Applications/XAMPP/xamppfiles/htdocs/php-laravel/MD1/system/CodeIgniter.php(363): CodeIgniter\CodeIgniter->handleRequest(NULL, Object(Config\Cache), false)
#10 /Applications/XAMPP/xamppfiles/htdocs/php-laravel/MD1/system/Boot.php(417): CodeIgniter\CodeIgniter->run()
#11 /Applications/XAMPP/xamppfiles/htdocs/php-laravel/MD1/system/Boot.php(68): CodeIgniter\Boot::runCodeIgniter(Object(CodeIgniter\CodeIgniter))
#12 /Applications/XAMPP/xamppfiles/htdocs/php-laravel/MD1/public/index.php(59): CodeIgniter\Boot::bootWeb(Object(Config\Paths))
#13 /Applications/XAMPP/xamppfiles/htdocs/php-laravel/MD1/system/rewrite.php(44): require_once('/Applications/X...')
#14 {main}

Next CodeIgniter\Database\Exceptions\DatabaseException: No such file or directory in /Applications/XAMPP/xamppfiles/htdocs/php-laravel/MD1/system/Database/MySQLi/Connection.php:231
Stack trace:
#0 /Applications/XAMPP/xamppfiles/htdocs/php-laravel/MD1/system/Database/BaseConnection.php(555): CodeIgniter\Database\MySQLi\Connection->connect(false)
#1 /Applications/XAMPP/xamppfiles/htdocs/php-laravel/MD1/system/Database/BaseConnection.php(795): CodeIgniter\Database\BaseConnection->initialize()
#2 /Applications/XAMPP/xamppfiles/htdocs/php-laravel/MD1/system/Database/BaseBuilder.php(1659): CodeIgniter\Database\BaseConnection->query('SELECT *\nFROM `...', Array, false)
#3 /Applications/XAMPP/xamppfiles/htdocs/php-laravel/MD1/system/Model.php(255): CodeIgniter\Database\BaseBuilder->get()
#4 /Applications/XAMPP/xamppfiles/htdocs/php-laravel/MD1/system/BaseModel.php(676): CodeIgniter\Model->doFindAll(0, 0)
#5 /Applications/XAMPP/xamppfiles/htdocs/php-laravel/MD1/app/Controllers/Customers.php(16): CodeIgniter\BaseModel->findAll()
#6 /Applications/XAMPP/xamppfiles/htdocs/php-laravel/MD1/system/CodeIgniter.php(974): App\Controllers\Customers->index()
#7 /Applications/XAMPP/xamppfiles/htdocs/php-laravel/MD1/system/CodeIgniter.php(520): CodeIgniter\CodeIgniter->runController(Object(App\Controllers\Customers))
#8 /Applications/XAMPP/xamppfiles/htdocs/php-laravel/MD1/system/CodeIgniter.php(363): CodeIgniter\CodeIgniter->handleRequest(NULL, Object(Config\Cache), false)
#9 /Applications/XAMPP/xamppfiles/htdocs/php-laravel/MD1/system/Boot.php(417): CodeIgniter\CodeIgniter->run()
#10 /Applications/XAMPP/xamppfiles/htdocs/php-laravel/MD1/system/Boot.php(68): CodeIgniter\Boot::runCodeIgniter(Object(CodeIgniter\CodeIgniter))
#11 /Applications/XAMPP/xamppfiles/htdocs/php-laravel/MD1/public/index.php(59): CodeIgniter\Boot::bootWeb(Object(Config\Paths))
#12 /Applications/XAMPP/xamppfiles/htdocs/php-laravel/MD1/system/rewrite.php(44): require_once('/Applications/X...')
#13 {main}
CRITICAL - 2026-10-09 13:38:53 --> CodeIgniter\Database\Exceptions\DatabaseException: Unable to connect to the database.
Main connection [MySQLi]: No such file or directory
[Method: GET, Route: customers]
in SYSTEMPATH/Database/BaseConnection.php on line 606.
 1 SYSTEMPATH/Database/BaseConnection.php(795): CodeIgniter\Database\BaseConnection->initialize()
 2 SYSTEMPATH/Database/BaseBuilder.php(1659): CodeIgniter\Database\BaseConnection->query('SELECT *
FROM `customers`', [], false)
 3 SYSTEMPATH/Model.php(255): CodeIgniter\Database\BaseBuilder->get()
 4 SYSTEMPATH/BaseModel.php(676): CodeIgniter\Model->doFindAll(0, 0)
 5 APPPATH/Controllers/Customers.php(16): CodeIgniter\BaseModel->findAll()
 6 SYSTEMPATH/CodeIgniter.php(974): App\Controllers\Customers->index()
 7 SYSTEMPATH/CodeIgniter.php(520): CodeIgniter\CodeIgniter->runController(Object(App\Controllers\Customers))
 8 SYSTEMPATH/CodeIgniter.php(363): CodeIgniter\CodeIgniter->handleRequest(null, Object(Config\Cache), false)
 9 SYSTEMPATH/Boot.php(417): CodeIgniter\CodeIgniter->run()
10 SYSTEMPATH/Boot.php(68): CodeIgniter\Boot::runCodeIgniter(Object(CodeIgniter\CodeIgniter))
11 FCPATH/index.php(59): CodeIgniter\Boot::bootWeb(Object(Config\Paths))
12 SYSTEMPATH/rewrite.php(44): require_once('/Applications/XAMPP/xamppfiles/htdocs/php-laravel/MD1/public/index.php')
ERROR - 2026-10-09 13:40:13 --> Error connecting to the database: mysqli_sql_exception: No such file or directory in /Applications/XAMPP/xamppfiles/htdocs/php-laravel/MD1/system/Database/MySQLi/Connection.php:201
Stack trace:
#0 /Applications/XAMPP/xamppfiles/htdocs/php-laravel/MD1/system/Database/MySQLi/Connection.php(201): mysqli->real_connect('localhost', 'root', Object(SensitiveParameterValue), 'ad_system', 3306, '', 0)
#1 /Applications/XAMPP/xamppfiles/htdocs/php-laravel/MD1/system/Database/BaseConnection.php(555): CodeIgniter\Database\MySQLi\Connection->connect(false)
#2 /Applications/XAMPP/xamppfiles/htdocs/php-laravel/MD1/system/Database/BaseConnection.php(795): CodeIgniter\Database\BaseConnection->initialize()
#3 /Applications/XAMPP/xamppfiles/htdocs/php-laravel/MD1/system/Database/BaseBuilder.php(1659): CodeIgniter\Database\BaseConnection->query('SELECT *\nFROM `...', Array, false)
#4 /Applications/XAMPP/xamppfiles/htdocs/php-laravel/MD1/system/Model.php(255): CodeIgniter\Database\BaseBuilder->get()
#5 /Applications/XAMPP/xamppfiles/htdocs/php-laravel/MD1/system/BaseModel.php(676): CodeIgniter\Model->doFindAll(0, 0)
#6 /Applications/XAMPP/xamppfiles/htdocs/php-laravel/MD1/app/Controllers/Customers.php(16): CodeIgniter\BaseModel->findAll()
#7 /Applications/XAMPP/xamppfiles/htdocs/php-laravel/MD1/system/CodeIgniter.php(974): App\Controllers\Customers->index()
#8 /Applications/XAMPP/xamppfiles/htdocs/php-laravel/MD1/system/CodeIgniter.php(520): CodeIgniter\CodeIgniter->runController(Object(App\Controllers\Customers))
#9 /Applications/XAMPP/xamppfiles/htdocs/php-laravel/MD1/system/CodeIgniter.php(363): CodeIgniter\CodeIgniter->handleRequest(NULL, Object(Config\Cache), false)
#10 /Applications/XAMPP/xamppfiles/htdocs/php-laravel/MD1/system/Boot.php(417): CodeIgniter\CodeIgniter->run()
#11 /Applications/XAMPP/xamppfiles/htdocs/php-laravel/MD1/system/Boot.php(68): CodeIgniter\Boot::runCodeIgniter(Object(CodeIgniter\CodeIgniter))
#12 /Applications/XAMPP/xamppfiles/htdocs/php-laravel/MD1/public/index.php(59): CodeIgniter\Boot::bootWeb(Object(Config\Paths))
#13 /Applications/XAMPP/xamppfiles/htdocs/php-laravel/MD1/system/rewrite.php(44): require_once('/Applications/X...')
#14 {main}

Next CodeIgniter\Database\Exceptions\DatabaseException: No such file or directory in /Applications/XAMPP/xamppfiles/htdocs/php-laravel/MD1/system/Database/MySQLi/Connection.php:231
Stack trace:
#0 /Applications/XAMPP/xamppfiles/htdocs/php-laravel/MD1/system/Database/BaseConnection.php(555): CodeIgniter\Database\MySQLi\Connection->connect(false)
#1 /Applications/XAMPP/xamppfiles/htdocs/php-laravel/MD1/system/Database/BaseConnection.php(795): CodeIgniter\Database\BaseConnection->initialize()
#2 /Applications/XAMPP/xamppfiles/htdocs/php-laravel/MD1/system/Database/BaseBuilder.php(1659): CodeIgniter\Database\BaseConnection->query('SELECT *\nFROM `...', Array, false)
#3 /Applications/XAMPP/xamppfiles/htdocs/php-laravel/MD1/system/Model.php(255): CodeIgniter\Database\BaseBuilder->get()
#4 /Applications/XAMPP/xamppfiles/htdocs/php-laravel/MD1/system/BaseModel.php(676): CodeIgniter\Model->doFindAll(0, 0)
#5 /Applications/XAMPP/xamppfiles/htdocs/php-laravel/MD1/app/Controllers/Customers.php(16): CodeIgniter\BaseModel->findAll()
#6 /Applications/XAMPP/xamppfiles/htdocs/php-laravel/MD1/system/CodeIgniter.php(974): App\Controllers\Customers->index()
#7 /Applications/XAMPP/xamppfiles/htdocs/php-laravel/MD1/system/CodeIgniter.php(520): CodeIgniter\CodeIgniter->runController(Object(App\Controllers\Customers))
#8 /Applications/XAMPP/xamppfiles/htdocs/php-laravel/MD1/system/CodeIgniter.php(363): CodeIgniter\CodeIgniter->handleRequest(NULL, Object(Config\Cache), false)
#9 /Applications/XAMPP/xamppfiles/htdocs/php-laravel/MD1/system/Boot.php(417): CodeIgniter\CodeIgniter->run()
#10 /Applications/XAMPP/xamppfiles/htdocs/php-laravel/MD1/system/Boot.php(68): CodeIgniter\Boot::runCodeIgniter(Object(CodeIgniter\CodeIgniter))
#11 /Applications/XAMPP/xamppfiles/htdocs/php-laravel/MD1/public/index.php(59): CodeIgniter\Boot::bootWeb(Object(Config\Paths))
#12 /Applications/XAMPP/xamppfiles/htdocs/php-laravel/MD1/system/rewrite.php(44): require_once('/Applications/X...')
#13 {main}
CRITICAL - 2026-10-09 13:40:13 --> CodeIgniter\Database\Exceptions\DatabaseException: Unable to connect to the database.
Main connection [MySQLi]: No such file or directory
[Method: GET, Route: customers]
in SYSTEMPATH/Database/BaseConnection.php on line 606.
 1 SYSTEMPATH/Database/BaseConnection.php(795): CodeIgniter\Database\BaseConnection->initialize()
 2 SYSTEMPATH/Database/BaseBuilder.php(1659): CodeIgniter\Database\BaseConnection->query('SELECT *
FROM `customers`', [], false)
 3 SYSTEMPATH/Model.php(255): CodeIgniter\Database\BaseBuilder->get()
 4 SYSTEMPATH/BaseModel.php(676): CodeIgniter\Model->doFindAll(0, 0)
 5 APPPATH/Controllers/Customers.php(16): CodeIgniter\BaseModel->findAll()
 6 SYSTEMPATH/CodeIgniter.php(974): App\Controllers\Customers->index()
 7 SYSTEMPATH/CodeIgniter.php(520): CodeIgniter\CodeIgniter->runController(Object(App\Controllers\Customers))
 8 SYSTEMPATH/CodeIgniter.php(363): CodeIgniter\CodeIgniter->handleRequest(null, Object(Config\Cache), false)
 9 SYSTEMPATH/Boot.php(417): CodeIgniter\CodeIgniter->run()
10 SYSTEMPATH/Boot.php(68): CodeIgniter\Boot::runCodeIgniter(Object(CodeIgniter\CodeIgniter))
11 FCPATH/index.php(59): CodeIgniter\Boot::bootWeb(Object(Config\Paths))
12 SYSTEMPATH/rewrite.php(44): require_once('/Applications/XAMPP/xamppfiles/htdocs/php-laravel/MD1/public/index.php')
ERROR - 2026-10-09 13:40:19 --> Error connecting to the database: mysqli_sql_exception: No such file or directory in /Applications/XAMPP/xamppfiles/htdocs/php-laravel/MD1/system/Database/MySQLi/Connection.php:201
Stack trace:
#0 /Applications/XAMPP/xamppfiles/htdocs/php-laravel/MD1/system/Database/MySQLi/Connection.php(201): mysqli->real_connect('localhost', 'root', Object(SensitiveParameterValue), 'ad_system', 3306, '', 0)
#1 /Applications/XAMPP/xamppfiles/htdocs/php-laravel/MD1/system/Database/BaseConnection.php(555): CodeIgniter\Database\MySQLi\Connection->connect(false)
#2 /Applications/XAMPP/xamppfiles/htdocs/php-laravel/MD1/system/Database/BaseConnection.php(795): CodeIgniter\Database\BaseConnection->initialize()
#3 /Applications/XAMPP/xamppfiles/htdocs/php-laravel/MD1/system/Database/BaseBuilder.php(1659): CodeIgniter\Database\BaseConnection->query('SELECT *\nFROM `...', Array, false)
#4 /Applications/XAMPP/xamppfiles/htdocs/php-laravel/MD1/system/Model.php(255): CodeIgniter\Database\BaseBuilder->get()
#5 /Applications/XAMPP/xamppfiles/htdocs/php-laravel/MD1/system/BaseModel.php(676): CodeIgniter\Model->doFindAll(0, 0)
#6 /Applications/XAMPP/xamppfiles/htdocs/php-laravel/MD1/app/Controllers/Customers.php(16): CodeIgniter\BaseModel->findAll()
#7 /Applications/XAMPP/xamppfiles/htdocs/php-laravel/MD1/system/CodeIgniter.php(974): App\Controllers\Customers->index()
#8 /Applications/XAMPP/xamppfiles/htdocs/php-laravel/MD1/system/CodeIgniter.php(520): CodeIgniter\CodeIgniter->runController(Object(App\Controllers\Customers))
#9 /Applications/XAMPP/xamppfiles/htdocs/php-laravel/MD1/system/CodeIgniter.php(363): CodeIgniter\CodeIgniter->handleRequest(NULL, Object(Config\Cache), false)
#10 /Applications/XAMPP/xamppfiles/htdocs/php-laravel/MD1/system/Boot.php(417): CodeIgniter\CodeIgniter->run()
#11 /Applications/XAMPP/xamppfiles/htdocs/php-laravel/MD1/system/Boot.php(68): CodeIgniter\Boot::runCodeIgniter(Object(CodeIgniter\CodeIgniter))
#12 /Applications/XAMPP/xamppfiles/htdocs/php-laravel/MD1/public/index.php(59): CodeIgniter\Boot::bootWeb(Object(Config\Paths))
#13 /Applications/XAMPP/xamppfiles/htdocs/php-laravel/MD1/system/rewrite.php(44): require_once('/Applications/X...')
#14 {main}

Next CodeIgniter\Database\Exceptions\DatabaseException: No such file or directory in /Applications/XAMPP/xamppfiles/htdocs/php-laravel/MD1/system/Database/MySQLi/Connection.php:231
Stack trace:
#0 /Applications/XAMPP/xamppfiles/htdocs/php-laravel/MD1/system/Database/BaseConnection.php(555): CodeIgniter\Database\MySQLi\Connection->connect(false)
#1 /Applications/XAMPP/xamppfiles/htdocs/php-laravel/MD1/system/Database/BaseConnection.php(795): CodeIgniter\Database\BaseConnection->initialize()
#2 /Applications/XAMPP/xamppfiles/htdocs/php-laravel/MD1/system/Database/BaseBuilder.php(1659): CodeIgniter\Database\BaseConnection->query('SELECT *\nFROM `...', Array, false)
#3 /Applications/XAMPP/xamppfiles/htdocs/php-laravel/MD1/system/Model.php(255): CodeIgniter\Database\BaseBuilder->get()
#4 /Applications/XAMPP/xamppfiles/htdocs/php-laravel/MD1/system/BaseModel.php(676): CodeIgniter\Model->doFindAll(0, 0)
#5 /Applications/XAMPP/xamppfiles/htdocs/php-laravel/MD1/app/Controllers/Customers.php(16): CodeIgniter\BaseModel->findAll()
#6 /Applications/XAMPP/xamppfiles/htdocs/php-laravel/MD1/system/CodeIgniter.php(974): App\Controllers\Customers->index()
#7 /Applications/XAMPP/xamppfiles/htdocs/php-laravel/MD1/system/CodeIgniter.php(520): CodeIgniter\CodeIgniter->runController(Object(App\Controllers\Customers))
#8 /Applications/XAMPP/xamppfiles/htdocs/php-laravel/MD1/system/CodeIgniter.php(363): CodeIgniter\CodeIgniter->handleRequest(NULL, Object(Config\Cache), false)
#9 /Applications/XAMPP/xamppfiles/htdocs/php-laravel/MD1/system/Boot.php(417): CodeIgniter\CodeIgniter->run()
#10 /Applications/XAMPP/xamppfiles/htdocs/php-laravel/MD1/system/Boot.php(68): CodeIgniter\Boot::runCodeIgniter(Object(CodeIgniter\CodeIgniter))
#11 /Applications/XAMPP/xamppfiles/htdocs/php-laravel/MD1/public/index.php(59): CodeIgniter\Boot::bootWeb(Object(Config\Paths))
#12 /Applications/XAMPP/xamppfiles/htdocs/php-laravel/MD1/system/rewrite.php(44): require_once('/Applications/X...')
#13 {main}
CRITICAL - 2026-10-09 13:40:19 --> CodeIgniter\Database\Exceptions\DatabaseException: Unable to connect to the database.
Main connection [MySQLi]: No such file or directory
[Method: GET, Route: customers]
in SYSTEMPATH/Database/BaseConnection.php on line 606.
 1 SYSTEMPATH/Database/BaseConnection.php(795): CodeIgniter\Database\BaseConnection->initialize()
 2 SYSTEMPATH/Database/BaseBuilder.php(1659): CodeIgniter\Database\BaseConnection->query('SELECT *
FROM `customers`', [], false)
 3 SYSTEMPATH/Model.php(255): CodeIgniter\Database\BaseBuilder->get()
 4 SYSTEMPATH/BaseModel.php(676): CodeIgniter\Model->doFindAll(0, 0)
 5 APPPATH/Controllers/Customers.php(16): CodeIgniter\BaseModel->findAll()
 6 SYSTEMPATH/CodeIgniter.php(974): App\Controllers\Customers->index()
 7 SYSTEMPATH/CodeIgniter.php(520): CodeIgniter\CodeIgniter->runController(Object(App\Controllers\Customers))
 8 SYSTEMPATH/CodeIgniter.php(363): CodeIgniter\CodeIgniter->handleRequest(null, Object(Config\Cache), false)
 9 SYSTEMPATH/Boot.php(417): CodeIgniter\CodeIgniter->run()
10 SYSTEMPATH/Boot.php(68): CodeIgniter\Boot::runCodeIgniter(Object(CodeIgniter\CodeIgniter))
11 FCPATH/index.php(59): CodeIgniter\Boot::bootWeb(Object(Config\Paths))
12 SYSTEMPATH/rewrite.php(44): require_once('/Applications/XAMPP/xamppfiles/htdocs/php-laravel/MD1/public/index.php')
DEBUG - 2026-10-09 14:15:20 --> Session: Class initialized using 'CodeIgniter\Session\Handlers\FileHandler' driver.
DEBUG - 2026-10-09 14:15:26 --> Session: Class initialized using 'CodeIgniter\Session\Handlers\FileHandler' driver.
DEBUG - 2026-10-09 14:24:26 --> Session: Class initialized using 'CodeIgniter\Session\Handlers\FileHandler' driver.
DEBUG - 2026-10-09 16:55:10 --> Session: Class initialized using 'CodeIgniter\Session\Handlers\FileHandler' driver.
DEBUG - 2026-10-09 16:55:47 --> Session: Class initialized using 'CodeIgniter\Session\Handlers\FileHandler' driver.
DEBUG - 2026-10-09 16:55:47 --> Session: Class initialized using 'CodeIgniter\Session\Handlers\FileHandler' driver.
DEBUG - 2026-10-09 16:57:27 --> Session: Class initialized using 'CodeIgniter\Session\Handlers\FileHandler' driver.
DEBUG - 2026-10-09 16:59:00 --> Session: Class initialized using 'CodeIgniter\Session\Handlers\FileHandler' driver.
DEBUG - 2026-10-09 17:01:28 --> Session: Class initialized using 'CodeIgniter\Session\Handlers\FileHandler' driver.
DEBUG - 2026-10-09 17:03:02 --> Session: Class initialized using 'CodeIgniter\Session\Handlers\FileHandler' driver.
DEBUG - 2026-10-09 17:03:03 --> Session: Class initialized using 'CodeIgniter\Session\Handlers\FileHandler' driver.
DEBUG - 2026-10-09 17:03:03 --> Session: Class initialized using 'CodeIgniter\Session\Handlers\FileHandler' driver.
DEBUG - 2026-10-09 17:03:03 --> Session: Class initialized using 'CodeIgniter\Session\Handlers\FileHandler' driver.
DEBUG - 2026-10-09 17:04:30 --> Session: Class initialized using 'CodeIgniter\Session\Handlers\FileHandler' driver.
DEBUG - 2026-10-09 17:04:37 --> Session: Class initialized using 'CodeIgniter\Session\Handlers\FileHandler' driver.
DEBUG - 2026-10-09 17:04:46 --> Session: Class initialized using 'CodeIgniter\Session\Handlers\FileHandler' driver.
DEBUG - 2026-10-09 17:04:48 --> Session: Class initialized using 'CodeIgniter\Session\Handlers\FileHandler' driver.
ERROR - 2026-10-09 17:04:58 --> Unknown column 'email' in 'field list'
in SYSTEMPATH/Database/MySQLi/Connection.php on line 300.
 1 SYSTEMPATH/Database/MySQLi/Connection.php(300): mysqli->query('INSERT INTO `users` (`username`, `full_name`, `email`, `created_at`) VALUES (\'alesondepano\', \'ALESON AXEL DE PANO\', \'addepano@fit.edu.ph\', \'2026-10-09 17:04:58\')', 0)
 2 SYSTEMPATH/Database/BaseConnection.php(908): CodeIgniter\Database\MySQLi\Connection->execute('INSERT INTO `users` (`username`, `full_name`, `email`, `created_at`) VALUES (\'alesondepano\', \'ALESON AXEL DE PANO\', \'addepano@fit.edu.ph\', \'2026-10-09 17:04:58\')')
 3 SYSTEMPATH/Database/BaseConnection.php(825): CodeIgniter\Database\BaseConnection->simpleQuery('INSERT INTO `users` (`username`, `full_name`, `email`, `created_at`) VALUES (\'alesondepano\', \'ALESON AXEL DE PANO\', \'addepano@fit.edu.ph\', \'2026-10-09 17:04:58\')')
 4 SYSTEMPATH/Database/BaseBuilder.php(2355): CodeIgniter\Database\BaseConnection->query('INSERT INTO `users` (`username`, `full_name`, `email`, `created_at`) VALUES (:username:, :full_name:, :email:, :created_at:)', [...], false)
 5 SYSTEMPATH/Model.php(357): CodeIgniter\Database\BaseBuilder->insert()
 6 SYSTEMPATH/BaseModel.php(899): CodeIgniter\Model->doInsert([...])
 7 SYSTEMPATH/Model.php(670): CodeIgniter\BaseModel->insert([...], true)
 8 APPPATH/Controllers/Users.php(82): CodeIgniter\Model->insert([...])
 9 SYSTEMPATH/CodeIgniter.php(974): App\Controllers\Users->create()
10 SYSTEMPATH/CodeIgniter.php(520): CodeIgniter\CodeIgniter->runController(Object(App\Controllers\Users))
11 SYSTEMPATH/CodeIgniter.php(363): CodeIgniter\CodeIgniter->handleRequest(null, Object(Config\Cache), false)
12 SYSTEMPATH/Boot.php(417): CodeIgniter\CodeIgniter->run()
13 SYSTEMPATH/Boot.php(68): CodeIgniter\Boot::runCodeIgniter(Object(CodeIgniter\CodeIgniter))
14 FCPATH/index.php(59): CodeIgniter\Boot::bootWeb(Object(Config\Paths))
15 SYSTEMPATH/rewrite.php(44): require_once('/Applications/XAMPP/xamppfiles/htdocs/php-laravel/MD1/public/index.php')
CRITICAL - 2026-10-09 17:04:58 --> CodeIgniter\Database\Exceptions\DatabaseException: Unknown column 'email' in 'field list'
[Method: POST, Route: users/create]
in SYSTEMPATH/Database/BaseConnection.php on line 863.
 1 SYSTEMPATH/Database/BaseBuilder.php(2355): CodeIgniter\Database\BaseConnection->query('INSERT INTO `users` (`username`, `full_name`, `email`, `created_at`) VALUES (:username:, :full_name:, :email:, :created_at:)', [...], false)
 2 SYSTEMPATH/Model.php(357): CodeIgniter\Database\BaseBuilder->insert()
 3 SYSTEMPATH/BaseModel.php(899): CodeIgniter\Model->doInsert([...])
 4 SYSTEMPATH/Model.php(670): CodeIgniter\BaseModel->insert([...], true)
 5 APPPATH/Controllers/Users.php(82): CodeIgniter\Model->insert([...])
 6 SYSTEMPATH/CodeIgniter.php(974): App\Controllers\Users->create()
 7 SYSTEMPATH/CodeIgniter.php(520): CodeIgniter\CodeIgniter->runController(Object(App\Controllers\Users))
 8 SYSTEMPATH/CodeIgniter.php(363): CodeIgniter\CodeIgniter->handleRequest(null, Object(Config\Cache), false)
 9 SYSTEMPATH/Boot.php(417): CodeIgniter\CodeIgniter->run()
10 SYSTEMPATH/Boot.php(68): CodeIgniter\Boot::runCodeIgniter(Object(CodeIgniter\CodeIgniter))
11 FCPATH/index.php(59): CodeIgniter\Boot::bootWeb(Object(Config\Paths))
12 SYSTEMPATH/rewrite.php(44): require_once('/Applications/XAMPP/xamppfiles/htdocs/php-laravel/MD1/public/index.php')
CRITICAL - 2026-10-09 17:04:58 --> [Caused by] CodeIgniter\Database\Exceptions\DatabaseException: Unknown column 'email' in 'field list'
in SYSTEMPATH/Database/MySQLi/Connection.php on line 310.
 1 SYSTEMPATH/Database/BaseConnection.php(908): CodeIgniter\Database\MySQLi\Connection->execute('INSERT INTO `users` (`username`, `full_name`, `email`, `created_at`) VALUES (\'alesondepano\', \'ALESON AXEL DE PANO\', \'addepano@fit.edu.ph\', \'2026-10-09 17:04:58\')')
 2 SYSTEMPATH/Database/BaseConnection.php(825): CodeIgniter\Database\BaseConnection->simpleQuery('INSERT INTO `users` (`username`, `full_name`, `email`, `created_at`) VALUES (\'alesondepano\', \'ALESON AXEL DE PANO\', \'addepano@fit.edu.ph\', \'2026-10-09 17:04:58\')')
 3 SYSTEMPATH/Database/BaseBuilder.php(2355): CodeIgniter\Database\BaseConnection->query('INSERT INTO `users` (`username`, `full_name`, `email`, `created_at`) VALUES (:username:, :full_name:, :email:, :created_at:)', [...], false)
 4 SYSTEMPATH/Model.php(357): CodeIgniter\Database\BaseBuilder->insert()
 5 SYSTEMPATH/BaseModel.php(899): CodeIgniter\Model->doInsert([...])
 6 SYSTEMPATH/Model.php(670): CodeIgniter\BaseModel->insert([...], true)
 7 APPPATH/Controllers/Users.php(82): CodeIgniter\Model->insert([...])
 8 SYSTEMPATH/CodeIgniter.php(974): App\Controllers\Users->create()
 9 SYSTEMPATH/CodeIgniter.php(520): CodeIgniter\CodeIgniter->runController(Object(App\Controllers\Users))
10 SYSTEMPATH/CodeIgniter.php(363): CodeIgniter\CodeIgniter->handleRequest(null, Object(Config\Cache), false)
11 SYSTEMPATH/Boot.php(417): CodeIgniter\CodeIgniter->run()
12 SYSTEMPATH/Boot.php(68): CodeIgniter\Boot::runCodeIgniter(Object(CodeIgniter\CodeIgniter))
13 FCPATH/index.php(59): CodeIgniter\Boot::bootWeb(Object(Config\Paths))
14 SYSTEMPATH/rewrite.php(44): require_once('/Applications/XAMPP/xamppfiles/htdocs/php-laravel/MD1/public/index.php')
CRITICAL - 2026-10-09 17:04:58 --> [Caused by] mysqli_sql_exception: Unknown column 'email' in 'field list'
in SYSTEMPATH/Database/MySQLi/Connection.php on line 300.
 1 SYSTEMPATH/Database/MySQLi/Connection.php(300): mysqli->query('INSERT INTO `users` (`username`, `full_name`, `email`, `created_at`) VALUES (\'alesondepano\', \'ALESON AXEL DE PANO\', \'addepano@fit.edu.ph\', \'2026-10-09 17:04:58\')', 0)
 2 SYSTEMPATH/Database/BaseConnection.php(908): CodeIgniter\Database\MySQLi\Connection->execute('INSERT INTO `users` (`username`, `full_name`, `email`, `created_at`) VALUES (\'alesondepano\', \'ALESON AXEL DE PANO\', \'addepano@fit.edu.ph\', \'2026-10-09 17:04:58\')')
 3 SYSTEMPATH/Database/BaseConnection.php(825): CodeIgniter\Database\BaseConnection->simpleQuery('INSERT INTO `users` (`username`, `full_name`, `email`, `created_at`) VALUES (\'alesondepano\', \'ALESON AXEL DE PANO\', \'addepano@fit.edu.ph\', \'2026-10-09 17:04:58\')')
 4 SYSTEMPATH/Database/BaseBuilder.php(2355): CodeIgniter\Database\BaseConnection->query('INSERT INTO `users` (`username`, `full_name`, `email`, `created_at`) VALUES (:username:, :full_name:, :email:, :created_at:)', [...], false)
 5 SYSTEMPATH/Model.php(357): CodeIgniter\Database\BaseBuilder->insert()
 6 SYSTEMPATH/BaseModel.php(899): CodeIgniter\Model->doInsert([...])
 7 SYSTEMPATH/Model.php(670): CodeIgniter\BaseModel->insert([...], true)
 8 APPPATH/Controllers/Users.php(82): CodeIgniter\Model->insert([...])
 9 SYSTEMPATH/CodeIgniter.php(974): App\Controllers\Users->create()
10 SYSTEMPATH/CodeIgniter.php(520): CodeIgniter\CodeIgniter->runController(Object(App\Controllers\Users))
11 SYSTEMPATH/CodeIgniter.php(363): CodeIgniter\CodeIgniter->handleRequest(null, Object(Config\Cache), false)
12 SYSTEMPATH/Boot.php(417): CodeIgniter\CodeIgniter->run()
13 SYSTEMPATH/Boot.php(68): CodeIgniter\Boot::runCodeIgniter(Object(CodeIgniter\CodeIgniter))
14 FCPATH/index.php(59): CodeIgniter\Boot::bootWeb(Object(Config\Paths))
15 SYSTEMPATH/rewrite.php(44): require_once('/Applications/XAMPP/xamppfiles/htdocs/php-laravel/MD1/public/index.php')
ERROR - 2026-10-09 17:06:07 --> Unknown column 'email' in 'field list'
in SYSTEMPATH/Database/MySQLi/Connection.php on line 300.
 1 SYSTEMPATH/Database/MySQLi/Connection.php(300): mysqli->query('INSERT INTO `users` (`username`, `full_name`, `email`, `created_at`) VALUES (\'alesondepano\', \'ALESON AXEL DE PANO\', \'addepano@fit.edu.ph\', \'2026-10-09 17:06:07\')', 0)
 2 SYSTEMPATH/Database/BaseConnection.php(908): CodeIgniter\Database\MySQLi\Connection->execute('INSERT INTO `users` (`username`, `full_name`, `email`, `created_at`) VALUES (\'alesondepano\', \'ALESON AXEL DE PANO\', \'addepano@fit.edu.ph\', \'2026-10-09 17:06:07\')')
 3 SYSTEMPATH/Database/BaseConnection.php(825): CodeIgniter\Database\BaseConnection->simpleQuery('INSERT INTO `users` (`username`, `full_name`, `email`, `created_at`) VALUES (\'alesondepano\', \'ALESON AXEL DE PANO\', \'addepano@fit.edu.ph\', \'2026-10-09 17:06:07\')')
 4 SYSTEMPATH/Database/BaseBuilder.php(2355): CodeIgniter\Database\BaseConnection->query('INSERT INTO `users` (`username`, `full_name`, `email`, `created_at`) VALUES (:username:, :full_name:, :email:, :created_at:)', [...], false)
 5 SYSTEMPATH/Model.php(357): CodeIgniter\Database\BaseBuilder->insert()
 6 SYSTEMPATH/BaseModel.php(899): CodeIgniter\Model->doInsert([...])
 7 SYSTEMPATH/Model.php(670): CodeIgniter\BaseModel->insert([...], true)
 8 APPPATH/Controllers/Users.php(82): CodeIgniter\Model->insert([...])
 9 SYSTEMPATH/CodeIgniter.php(974): App\Controllers\Users->create()
10 SYSTEMPATH/CodeIgniter.php(520): CodeIgniter\CodeIgniter->runController(Object(App\Controllers\Users))
11 SYSTEMPATH/CodeIgniter.php(363): CodeIgniter\CodeIgniter->handleRequest(null, Object(Config\Cache), false)
12 SYSTEMPATH/Boot.php(417): CodeIgniter\CodeIgniter->run()
13 SYSTEMPATH/Boot.php(68): CodeIgniter\Boot::runCodeIgniter(Object(CodeIgniter\CodeIgniter))
14 FCPATH/index.php(59): CodeIgniter\Boot::bootWeb(Object(Config\Paths))
15 SYSTEMPATH/rewrite.php(44): require_once('/Applications/XAMPP/xamppfiles/htdocs/php-laravel/MD1/public/index.php')
CRITICAL - 2026-10-09 17:06:07 --> CodeIgniter\Database\Exceptions\DatabaseException: Unknown column 'email' in 'field list'
[Method: POST, Route: users/create]
in SYSTEMPATH/Database/BaseConnection.php on line 863.
 1 SYSTEMPATH/Database/BaseBuilder.php(2355): CodeIgniter\Database\BaseConnection->query('INSERT INTO `users` (`username`, `full_name`, `email`, `created_at`) VALUES (:username:, :full_name:, :email:, :created_at:)', [...], false)
 2 SYSTEMPATH/Model.php(357): CodeIgniter\Database\BaseBuilder->insert()
 3 SYSTEMPATH/BaseModel.php(899): CodeIgniter\Model->doInsert([...])
 4 SYSTEMPATH/Model.php(670): CodeIgniter\BaseModel->insert([...], true)
 5 APPPATH/Controllers/Users.php(82): CodeIgniter\Model->insert([...])
 6 SYSTEMPATH/CodeIgniter.php(974): App\Controllers\Users->create()
 7 SYSTEMPATH/CodeIgniter.php(520): CodeIgniter\CodeIgniter->runController(Object(App\Controllers\Users))
 8 SYSTEMPATH/CodeIgniter.php(363): CodeIgniter\CodeIgniter->handleRequest(null, Object(Config\Cache), false)
 9 SYSTEMPATH/Boot.php(417): CodeIgniter\CodeIgniter->run()
10 SYSTEMPATH/Boot.php(68): CodeIgniter\Boot::runCodeIgniter(Object(CodeIgniter\CodeIgniter))
11 FCPATH/index.php(59): CodeIgniter\Boot::bootWeb(Object(Config\Paths))
12 SYSTEMPATH/rewrite.php(44): require_once('/Applications/XAMPP/xamppfiles/htdocs/php-laravel/MD1/public/index.php')
CRITICAL - 2026-10-09 17:06:07 --> [Caused by] CodeIgniter\Database\Exceptions\DatabaseException: Unknown column 'email' in 'field list'
in SYSTEMPATH/Database/MySQLi/Connection.php on line 310.
 1 SYSTEMPATH/Database/BaseConnection.php(908): CodeIgniter\Database\MySQLi\Connection->execute('INSERT INTO `users` (`username`, `full_name`, `email`, `created_at`) VALUES (\'alesondepano\', \'ALESON AXEL DE PANO\', \'addepano@fit.edu.ph\', \'2026-10-09 17:06:07\')')
 2 SYSTEMPATH/Database/BaseConnection.php(825): CodeIgniter\Database\BaseConnection->simpleQuery('INSERT INTO `users` (`username`, `full_name`, `email`, `created_at`) VALUES (\'alesondepano\', \'ALESON AXEL DE PANO\', \'addepano@fit.edu.ph\', \'2026-10-09 17:06:07\')')
 3 SYSTEMPATH/Database/BaseBuilder.php(2355): CodeIgniter\Database\BaseConnection->query('INSERT INTO `users` (`username`, `full_name`, `email`, `created_at`) VALUES (:username:, :full_name:, :email:, :created_at:)', [...], false)
 4 SYSTEMPATH/Model.php(357): CodeIgniter\Database\BaseBuilder->insert()
 5 SYSTEMPATH/BaseModel.php(899): CodeIgniter\Model->doInsert([...])
 6 SYSTEMPATH/Model.php(670): CodeIgniter\BaseModel->insert([...], true)
 7 APPPATH/Controllers/Users.php(82): CodeIgniter\Model->insert([...])
 8 SYSTEMPATH/CodeIgniter.php(974): App\Controllers\Users->create()
 9 SYSTEMPATH/CodeIgniter.php(520): CodeIgniter\CodeIgniter->runController(Object(App\Controllers\Users))
10 SYSTEMPATH/CodeIgniter.php(363): CodeIgniter\CodeIgniter->handleRequest(null, Object(Config\Cache), false)
11 SYSTEMPATH/Boot.php(417): CodeIgniter\CodeIgniter->run()
12 SYSTEMPATH/Boot.php(68): CodeIgniter\Boot::runCodeIgniter(Object(CodeIgniter\CodeIgniter))
13 FCPATH/index.php(59): CodeIgniter\Boot::bootWeb(Object(Config\Paths))
14 SYSTEMPATH/rewrite.php(44): require_once('/Applications/XAMPP/xamppfiles/htdocs/php-laravel/MD1/public/index.php')
CRITICAL - 2026-10-09 17:06:07 --> [Caused by] mysqli_sql_exception: Unknown column 'email' in 'field list'
in SYSTEMPATH/Database/MySQLi/Connection.php on line 300.
 1 SYSTEMPATH/Database/MySQLi/Connection.php(300): mysqli->query('INSERT INTO `users` (`username`, `full_name`, `email`, `created_at`) VALUES (\'alesondepano\', \'ALESON AXEL DE PANO\', \'addepano@fit.edu.ph\', \'2026-10-09 17:06:07\')', 0)
 2 SYSTEMPATH/Database/BaseConnection.php(908): CodeIgniter\Database\MySQLi\Connection->execute('INSERT INTO `users` (`username`, `full_name`, `email`, `created_at`) VALUES (\'alesondepano\', \'ALESON AXEL DE PANO\', \'addepano@fit.edu.ph\', \'2026-10-09 17:06:07\')')
 3 SYSTEMPATH/Database/BaseConnection.php(825): CodeIgniter\Database\BaseConnection->simpleQuery('INSERT INTO `users` (`username`, `full_name`, `email`, `created_at`) VALUES (\'alesondepano\', \'ALESON AXEL DE PANO\', \'addepano@fit.edu.ph\', \'2026-10-09 17:06:07\')')
 4 SYSTEMPATH/Database/BaseBuilder.php(2355): CodeIgniter\Database\BaseConnection->query('INSERT INTO `users` (`username`, `full_name`, `email`, `created_at`) VALUES (:username:, :full_name:, :email:, :created_at:)', [...], false)
 5 SYSTEMPATH/Model.php(357): CodeIgniter\Database\BaseBuilder->insert()
 6 SYSTEMPATH/BaseModel.php(899): CodeIgniter\Model->doInsert([...])
 7 SYSTEMPATH/Model.php(670): CodeIgniter\BaseModel->insert([...], true)
 8 APPPATH/Controllers/Users.php(82): CodeIgniter\Model->insert([...])
 9 SYSTEMPATH/CodeIgniter.php(974): App\Controllers\Users->create()
10 SYSTEMPATH/CodeIgniter.php(520): CodeIgniter\CodeIgniter->runController(Object(App\Controllers\Users))
11 SYSTEMPATH/CodeIgniter.php(363): CodeIgniter\CodeIgniter->handleRequest(null, Object(Config\Cache), false)
12 SYSTEMPATH/Boot.php(417): CodeIgniter\CodeIgniter->run()
13 SYSTEMPATH/Boot.php(68): CodeIgniter\Boot::runCodeIgniter(Object(CodeIgniter\CodeIgniter))
14 FCPATH/index.php(59): CodeIgniter\Boot::bootWeb(Object(Config\Paths))
15 SYSTEMPATH/rewrite.php(44): require_once('/Applications/XAMPP/xamppfiles/htdocs/php-laravel/MD1/public/index.php')
DEBUG - 2026-10-09 17:06:11 --> Session: Class initialized using 'CodeIgniter\Session\Handlers\FileHandler' driver.
DEBUG - 2026-10-09 17:08:41 --> Session: Class initialized using 'CodeIgniter\Session\Handlers\FileHandler' driver.
DEBUG - 2026-10-09 17:08:46 --> Session: Class initialized using 'CodeIgniter\Session\Handlers\FileHandler' driver.
DEBUG - 2026-10-09 17:08:47 --> Session: Class initialized using 'CodeIgniter\Session\Handlers\FileHandler' driver.
DEBUG - 2026-10-09 17:08:54 --> Session: Class initialized using 'CodeIgniter\Session\Handlers\FileHandler' driver.
DEBUG - 2026-10-09 17:10:09 --> Session: Class initialized using 'CodeIgniter\Session\Handlers\FileHandler' driver.
DEBUG - 2026-10-09 17:10:14 --> Session: Class initialized using 'CodeIgniter\Session\Handlers\FileHandler' driver.
DEBUG - 2026-10-09 17:11:33 --> Session: Class initialized using 'CodeIgniter\Session\Handlers\FileHandler' driver.
DEBUG - 2026-10-09 17:11:34 --> Session: Class initialized using 'CodeIgniter\Session\Handlers\FileHandler' driver.
DEBUG - 2026-10-09 17:11:35 --> Session: Class initialized using 'CodeIgniter\Session\Handlers\FileHandler' driver.
DEBUG - 2026-10-09 17:16:28 --> Session: Class initialized using 'CodeIgniter\Session\Handlers\FileHandler' driver.
DEBUG - 2026-10-09 17:16:30 --> Session: Class initialized using 'CodeIgniter\Session\Handlers\FileHandler' driver.
DEBUG - 2026-10-09 17:16:32 --> Session: Class initialized using 'CodeIgniter\Session\Handlers\FileHandler' driver.
ERROR - 2026-10-09 17:16:36 --> Unknown column 'email' in 'field list'
in SYSTEMPATH/Database/MySQLi/Connection.php on line 300.
 1 SYSTEMPATH/Database/MySQLi/Connection.php(300): mysqli->query('INSERT INTO `users` (`username`, `full_name`, `email`, `created_at`) VALUES (\'alesondepano\', \'ALESON AXEL DE PANO\', \'addepano@fit.edu.ph\', \'2026-10-09 17:16:36\')', 0)
 2 SYSTEMPATH/Database/BaseConnection.php(908): CodeIgniter\Database\MySQLi\Connection->execute('INSERT INTO `users` (`username`, `full_name`, `email`, `created_at`) VALUES (\'alesondepano\', \'ALESON AXEL DE PANO\', \'addepano@fit.edu.ph\', \'2026-10-09 17:16:36\')')
 3 SYSTEMPATH/Database/BaseConnection.php(825): CodeIgniter\Database\BaseConnection->simpleQuery('INSERT INTO `users` (`username`, `full_name`, `email`, `created_at`) VALUES (\'alesondepano\', \'ALESON AXEL DE PANO\', \'addepano@fit.edu.ph\', \'2026-10-09 17:16:36\')')
 4 SYSTEMPATH/Database/BaseBuilder.php(2355): CodeIgniter\Database\BaseConnection->query('INSERT INTO `users` (`username`, `full_name`, `email`, `created_at`) VALUES (:username:, :full_name:, :email:, :created_at:)', [...], false)
 5 SYSTEMPATH/Model.php(357): CodeIgniter\Database\BaseBuilder->insert()
 6 SYSTEMPATH/BaseModel.php(899): CodeIgniter\Model->doInsert([...])
 7 SYSTEMPATH/Model.php(670): CodeIgniter\BaseModel->insert([...], true)
 8 APPPATH/Controllers/Users.php(82): CodeIgniter\Model->insert([...])
 9 SYSTEMPATH/CodeIgniter.php(974): App\Controllers\Users->create()
10 SYSTEMPATH/CodeIgniter.php(520): CodeIgniter\CodeIgniter->runController(Object(App\Controllers\Users))
11 SYSTEMPATH/CodeIgniter.php(363): CodeIgniter\CodeIgniter->handleRequest(null, Object(Config\Cache), false)
12 SYSTEMPATH/Boot.php(417): CodeIgniter\CodeIgniter->run()
13 SYSTEMPATH/Boot.php(68): CodeIgniter\Boot::runCodeIgniter(Object(CodeIgniter\CodeIgniter))
14 FCPATH/index.php(59): CodeIgniter\Boot::bootWeb(Object(Config\Paths))
15 SYSTEMPATH/rewrite.php(44): require_once('/Applications/XAMPP/xamppfiles/htdocs/php-laravel/MD1/public/index.php')
CRITICAL - 2026-10-09 17:16:36 --> CodeIgniter\Database\Exceptions\DatabaseException: Unknown column 'email' in 'field list'
[Method: POST, Route: users/create]
in SYSTEMPATH/Database/BaseConnection.php on line 863.
 1 SYSTEMPATH/Database/BaseBuilder.php(2355): CodeIgniter\Database\BaseConnection->query('INSERT INTO `users` (`username`, `full_name`, `email`, `created_at`) VALUES (:username:, :full_name:, :email:, :created_at:)', [...], false)
 2 SYSTEMPATH/Model.php(357): CodeIgniter\Database\BaseBuilder->insert()
 3 SYSTEMPATH/BaseModel.php(899): CodeIgniter\Model->doInsert([...])
 4 SYSTEMPATH/Model.php(670): CodeIgniter\BaseModel->insert([...], true)
 5 APPPATH/Controllers/Users.php(82): CodeIgniter\Model->insert([...])
 6 SYSTEMPATH/CodeIgniter.php(974): App\Controllers\Users->create()
 7 SYSTEMPATH/CodeIgniter.php(520): CodeIgniter\CodeIgniter->runController(Object(App\Controllers\Users))
 8 SYSTEMPATH/CodeIgniter.php(363): CodeIgniter\CodeIgniter->handleRequest(null, Object(Config\Cache), false)
 9 SYSTEMPATH/Boot.php(417): CodeIgniter\CodeIgniter->run()
10 SYSTEMPATH/Boot.php(68): CodeIgniter\Boot::runCodeIgniter(Object(CodeIgniter\CodeIgniter))
11 FCPATH/index.php(59): CodeIgniter\Boot::bootWeb(Object(Config\Paths))
12 SYSTEMPATH/rewrite.php(44): require_once('/Applications/XAMPP/xamppfiles/htdocs/php-laravel/MD1/public/index.php')
CRITICAL - 2026-10-09 17:16:36 --> [Caused by] CodeIgniter\Database\Exceptions\DatabaseException: Unknown column 'email' in 'field list'
in SYSTEMPATH/Database/MySQLi/Connection.php on line 310.
 1 SYSTEMPATH/Database/BaseConnection.php(908): CodeIgniter\Database\MySQLi\Connection->execute('INSERT INTO `users` (`username`, `full_name`, `email`, `created_at`) VALUES (\'alesondepano\', \'ALESON AXEL DE PANO\', \'addepano@fit.edu.ph\', \'2026-10-09 17:16:36\')')
 2 SYSTEMPATH/Database/BaseConnection.php(825): CodeIgniter\Database\BaseConnection->simpleQuery('INSERT INTO `users` (`username`, `full_name`, `email`, `created_at`) VALUES (\'alesondepano\', \'ALESON AXEL DE PANO\', \'addepano@fit.edu.ph\', \'2026-10-09 17:16:36\')')
 3 SYSTEMPATH/Database/BaseBuilder.php(2355): CodeIgniter\Database\BaseConnection->query('INSERT INTO `users` (`username`, `full_name`, `email`, `created_at`) VALUES (:username:, :full_name:, :email:, :created_at:)', [...], false)
 4 SYSTEMPATH/Model.php(357): CodeIgniter\Database\BaseBuilder->insert()
 5 SYSTEMPATH/BaseModel.php(899): CodeIgniter\Model->doInsert([...])
 6 SYSTEMPATH/Model.php(670): CodeIgniter\BaseModel->insert([...], true)
 7 APPPATH/Controllers/Users.php(82): CodeIgniter\Model->insert([...])
 8 SYSTEMPATH/CodeIgniter.php(974): App\Controllers\Users->create()
 9 SYSTEMPATH/CodeIgniter.php(520): CodeIgniter\CodeIgniter->runController(Object(App\Controllers\Users))
10 SYSTEMPATH/CodeIgniter.php(363): CodeIgniter\CodeIgniter->handleRequest(null, Object(Config\Cache), false)
11 SYSTEMPATH/Boot.php(417): CodeIgniter\CodeIgniter->run()
12 SYSTEMPATH/Boot.php(68): CodeIgniter\Boot::runCodeIgniter(Object(CodeIgniter\CodeIgniter))
13 FCPATH/index.php(59): CodeIgniter\Boot::bootWeb(Object(Config\Paths))
14 SYSTEMPATH/rewrite.php(44): require_once('/Applications/XAMPP/xamppfiles/htdocs/php-laravel/MD1/public/index.php')
CRITICAL - 2026-10-09 17:16:36 --> [Caused by] mysqli_sql_exception: Unknown column 'email' in 'field list'
in SYSTEMPATH/Database/MySQLi/Connection.php on line 300.
 1 SYSTEMPATH/Database/MySQLi/Connection.php(300): mysqli->query('INSERT INTO `users` (`username`, `full_name`, `email`, `created_at`) VALUES (\'alesondepano\', \'ALESON AXEL DE PANO\', \'addepano@fit.edu.ph\', \'2026-10-09 17:16:36\')', 0)
 2 SYSTEMPATH/Database/BaseConnection.php(908): CodeIgniter\Database\MySQLi\Connection->execute('INSERT INTO `users` (`username`, `full_name`, `email`, `created_at`) VALUES (\'alesondepano\', \'ALESON AXEL DE PANO\', \'addepano@fit.edu.ph\', \'2026-10-09 17:16:36\')')
 3 SYSTEMPATH/Database/BaseConnection.php(825): CodeIgniter\Database\BaseConnection->simpleQuery('INSERT INTO `users` (`username`, `full_name`, `email`, `created_at`) VALUES (\'alesondepano\', \'ALESON AXEL DE PANO\', \'addepano@fit.edu.ph\', \'2026-10-09 17:16:36\')')
 4 SYSTEMPATH/Database/BaseBuilder.php(2355): CodeIgniter\Database\BaseConnection->query('INSERT INTO `users` (`username`, `full_name`, `email`, `created_at`) VALUES (:username:, :full_name:, :email:, :created_at:)', [...], false)
 5 SYSTEMPATH/Model.php(357): CodeIgniter\Database\BaseBuilder->insert()
 6 SYSTEMPATH/BaseModel.php(899): CodeIgniter\Model->doInsert([...])
 7 SYSTEMPATH/Model.php(670): CodeIgniter\BaseModel->insert([...], true)
 8 APPPATH/Controllers/Users.php(82): CodeIgniter\Model->insert([...])
 9 SYSTEMPATH/CodeIgniter.php(974): App\Controllers\Users->create()
10 SYSTEMPATH/CodeIgniter.php(520): CodeIgniter\CodeIgniter->runController(Object(App\Controllers\Users))
11 SYSTEMPATH/CodeIgniter.php(363): CodeIgniter\CodeIgniter->handleRequest(null, Object(Config\Cache), false)
12 SYSTEMPATH/Boot.php(417): CodeIgniter\CodeIgniter->run()
13 SYSTEMPATH/Boot.php(68): CodeIgniter\Boot::runCodeIgniter(Object(CodeIgniter\CodeIgniter))
14 FCPATH/index.php(59): CodeIgniter\Boot::bootWeb(Object(Config\Paths))
15 SYSTEMPATH/rewrite.php(44): require_once('/Applications/XAMPP/xamppfiles/htdocs/php-laravel/MD1/public/index.php')
DEBUG - 2026-10-09 17:17:19 --> Session: Class initialized using 'CodeIgniter\Session\Handlers\FileHandler' driver.
DEBUG - 2026-10-09 17:17:19 --> Session: Class initialized using 'CodeIgniter\Session\Handlers\FileHandler' driver.
DEBUG - 2026-10-09 17:17:24 --> Session: Class initialized using 'CodeIgniter\Session\Handlers\FileHandler' driver.
DEBUG - 2026-10-09 17:17:32 --> Session: Class initialized using 'CodeIgniter\Session\Handlers\FileHandler' driver.
DEBUG - 2026-10-09 17:18:16 --> Session: Class initialized using 'CodeIgniter\Session\Handlers\FileHandler' driver.
DEBUG - 2026-10-09 17:18:17 --> Session: Class initialized using 'CodeIgniter\Session\Handlers\FileHandler' driver.
DEBUG - 2026-10-09 17:18:27 --> Session: Class initialized using 'CodeIgniter\Session\Handlers\FileHandler' driver.
DEBUG - 2026-10-09 17:18:37 --> Session: Class initialized using 'CodeIgniter\Session\Handlers\FileHandler' driver.
DEBUG - 2026-10-09 17:18:38 --> Session: Class initialized using 'CodeIgniter\Session\Handlers\FileHandler' driver.
DEBUG - 2026-10-09 17:18:41 --> Session: Class initialized using 'CodeIgniter\Session\Handlers\FileHandler' driver.
DEBUG - 2026-10-09 17:18:41 --> Session: Class initialized using 'CodeIgniter\Session\Handlers\FileHandler' driver.
DEBUG - 2026-10-09 17:18:52 --> Session: Class initialized using 'CodeIgniter\Session\Handlers\FileHandler' driver.
DEBUG - 2026-10-09 17:18:53 --> Session: Class initialized using 'CodeIgniter\Session\Handlers\FileHandler' driver.
DEBUG - 2026-10-09 17:19:06 --> Session: Class initialized using 'CodeIgniter\Session\Handlers\FileHandler' driver.
DEBUG - 2026-10-09 17:19:12 --> Session: Class initialized using 'CodeIgniter\Session\Handlers\FileHandler' driver.
DEBUG - 2026-10-09 17:20:47 --> Session: Class initialized using 'CodeIgniter\Session\Handlers\FileHandler' driver.
DEBUG - 2026-10-09 17:20:48 --> Session: Class initialized using 'CodeIgniter\Session\Handlers\FileHandler' driver.
DEBUG - 2026-10-09 17:21:27 --> Session: Class initialized using 'CodeIgniter\Session\Handlers\FileHandler' driver.
DEBUG - 2026-10-09 17:21:28 --> Session: Class initialized using 'CodeIgniter\Session\Handlers\FileHandler' driver.
DEBUG - 2026-10-09 17:21:28 --> Session: Class initialized using 'CodeIgniter\Session\Handlers\FileHandler' driver.
DEBUG - 2026-10-09 17:21:31 --> Session: Class initialized using 'CodeIgniter\Session\Handlers\FileHandler' driver.
DEBUG - 2026-10-09 17:21:32 --> Session: Class initialized using 'CodeIgniter\Session\Handlers\FileHandler' driver.
DEBUG - 2026-10-09 17:22:00 --> Session: Class initialized using 'CodeIgniter\Session\Handlers\FileHandler' driver.
DEBUG - 2026-10-09 17:22:02 --> Session: Class initialized using 'CodeIgniter\Session\Handlers\FileHandler' driver.
DEBUG - 2026-10-09 17:22:03 --> Session: Class initialized using 'CodeIgniter\Session\Handlers\FileHandler' driver.
ERROR - 2026-10-09 17:37:02 --> Error connecting to the database: mysqli_sql_exception: Unknown database 'ad_system' in /Applications/XAMPP/xamppfiles/htdocs/php-laravel/MD1/system/Database/MySQLi/Connection.php:201
Stack trace:
#0 /Applications/XAMPP/xamppfiles/htdocs/php-laravel/MD1/system/Database/MySQLi/Connection.php(201): mysqli->real_connect('127.0.0.1', 'root', Object(SensitiveParameterValue), 'ad_system', 3306, '', 0)
#1 /Applications/XAMPP/xamppfiles/htdocs/php-laravel/MD1/system/Database/BaseConnection.php(555): CodeIgniter\Database\MySQLi\Connection->connect(false)
#2 /Applications/XAMPP/xamppfiles/htdocs/php-laravel/MD1/system/Database/BaseConnection.php(795): CodeIgniter\Database\BaseConnection->initialize()
#3 /Applications/XAMPP/xamppfiles/htdocs/php-laravel/MD1/system/Database/BaseBuilder.php(1659): CodeIgniter\Database\BaseConnection->query('SELECT *\nFROM `...', Array, false)
#4 /Applications/XAMPP/xamppfiles/htdocs/php-laravel/MD1/system/Model.php(255): CodeIgniter\Database\BaseBuilder->get()
#5 /Applications/XAMPP/xamppfiles/htdocs/php-laravel/MD1/system/BaseModel.php(676): CodeIgniter\Model->doFindAll(0, 0)
#6 /Applications/XAMPP/xamppfiles/htdocs/php-laravel/MD1/app/Controllers/Customers.php(26): CodeIgniter\BaseModel->findAll()
#7 /Applications/XAMPP/xamppfiles/htdocs/php-laravel/MD1/system/CodeIgniter.php(974): App\Controllers\Customers->index()
#8 /Applications/XAMPP/xamppfiles/htdocs/php-laravel/MD1/system/CodeIgniter.php(520): CodeIgniter\CodeIgniter->runController(Object(App\Controllers\Customers))
#9 /Applications/XAMPP/xamppfiles/htdocs/php-laravel/MD1/system/CodeIgniter.php(363): CodeIgniter\CodeIgniter->handleRequest(NULL, Object(Config\Cache), false)
#10 /Applications/XAMPP/xamppfiles/htdocs/php-laravel/MD1/system/Boot.php(417): CodeIgniter\CodeIgniter->run()
#11 /Applications/XAMPP/xamppfiles/htdocs/php-laravel/MD1/system/Boot.php(68): CodeIgniter\Boot::runCodeIgniter(Object(CodeIgniter\CodeIgniter))
#12 /Applications/XAMPP/xamppfiles/htdocs/php-laravel/MD1/public/index.php(59): CodeIgniter\Boot::bootWeb(Object(Config\Paths))
#13 /Applications/XAMPP/xamppfiles/htdocs/php-laravel/MD1/system/rewrite.php(44): require_once('/Applications/X...')
#14 {main}

Next CodeIgniter\Database\Exceptions\DatabaseException: Unknown database 'ad_system' in /Applications/XAMPP/xamppfiles/htdocs/php-laravel/MD1/system/Database/MySQLi/Connection.php:231
Stack trace:
#0 /Applications/XAMPP/xamppfiles/htdocs/php-laravel/MD1/system/Database/BaseConnection.php(555): CodeIgniter\Database\MySQLi\Connection->connect(false)
#1 /Applications/XAMPP/xamppfiles/htdocs/php-laravel/MD1/system/Database/BaseConnection.php(795): CodeIgniter\Database\BaseConnection->initialize()
#2 /Applications/XAMPP/xamppfiles/htdocs/php-laravel/MD1/system/Database/BaseBuilder.php(1659): CodeIgniter\Database\BaseConnection->query('SELECT *\nFROM `...', Array, false)
#3 /Applications/XAMPP/xamppfiles/htdocs/php-laravel/MD1/system/Model.php(255): CodeIgniter\Database\BaseBuilder->get()
#4 /Applications/XAMPP/xamppfiles/htdocs/php-laravel/MD1/system/BaseModel.php(676): CodeIgniter\Model->doFindAll(0, 0)
#5 /Applications/XAMPP/xamppfiles/htdocs/php-laravel/MD1/app/Controllers/Customers.php(26): CodeIgniter\BaseModel->findAll()
#6 /Applications/XAMPP/xamppfiles/htdocs/php-laravel/MD1/system/CodeIgniter.php(974): App\Controllers\Customers->index()
#7 /Applications/XAMPP/xamppfiles/htdocs/php-laravel/MD1/system/CodeIgniter.php(520): CodeIgniter\CodeIgniter->runController(Object(App\Controllers\Customers))
#8 /Applications/XAMPP/xamppfiles/htdocs/php-laravel/MD1/system/CodeIgniter.php(363): CodeIgniter\CodeIgniter->handleRequest(NULL, Object(Config\Cache), false)
#9 /Applications/XAMPP/xamppfiles/htdocs/php-laravel/MD1/system/Boot.php(417): CodeIgniter\CodeIgniter->run()
#10 /Applications/XAMPP/xamppfiles/htdocs/php-laravel/MD1/system/Boot.php(68): CodeIgniter\Boot::runCodeIgniter(Object(CodeIgniter\CodeIgniter))
#11 /Applications/XAMPP/xamppfiles/htdocs/php-laravel/MD1/public/index.php(59): CodeIgniter\Boot::bootWeb(Object(Config\Paths))
#12 /Applications/XAMPP/xamppfiles/htdocs/php-laravel/MD1/system/rewrite.php(44): require_once('/Applications/X...')
#13 {main}
CRITICAL - 2026-10-09 17:37:02 --> CodeIgniter\Database\Exceptions\DatabaseException: Unable to connect to the database.
Main connection [MySQLi]: Unknown database 'ad_system'
[Method: GET, Route: customers]
in SYSTEMPATH/Database/BaseConnection.php on line 606.
 1 SYSTEMPATH/Database/BaseConnection.php(795): CodeIgniter\Database\BaseConnection->initialize()
 2 SYSTEMPATH/Database/BaseBuilder.php(1659): CodeIgniter\Database\BaseConnection->query('SELECT *
FROM `customers`
ORDER BY `id` DESC', [], false)
 3 SYSTEMPATH/Model.php(255): CodeIgniter\Database\BaseBuilder->get()
 4 SYSTEMPATH/BaseModel.php(676): CodeIgniter\Model->doFindAll(0, 0)
 5 APPPATH/Controllers/Customers.php(26): CodeIgniter\BaseModel->findAll()
 6 SYSTEMPATH/CodeIgniter.php(974): App\Controllers\Customers->index()
 7 SYSTEMPATH/CodeIgniter.php(520): CodeIgniter\CodeIgniter->runController(Object(App\Controllers\Customers))
 8 SYSTEMPATH/CodeIgniter.php(363): CodeIgniter\CodeIgniter->handleRequest(null, Object(Config\Cache), false)
 9 SYSTEMPATH/Boot.php(417): CodeIgniter\CodeIgniter->run()
10 SYSTEMPATH/Boot.php(68): CodeIgniter\Boot::runCodeIgniter(Object(CodeIgniter\CodeIgniter))
11 FCPATH/index.php(59): CodeIgniter\Boot::bootWeb(Object(Config\Paths))
12 SYSTEMPATH/rewrite.php(44): require_once('/Applications/XAMPP/xamppfiles/htdocs/php-laravel/MD1/public/index.php')
ERROR - 2026-10-09 17:37:03 --> Error connecting to the database: mysqli_sql_exception: Unknown database 'ad_system' in /Applications/XAMPP/xamppfiles/htdocs/php-laravel/MD1/system/Database/MySQLi/Connection.php:201
Stack trace:
#0 /Applications/XAMPP/xamppfiles/htdocs/php-laravel/MD1/system/Database/MySQLi/Connection.php(201): mysqli->real_connect('127.0.0.1', 'root', Object(SensitiveParameterValue), 'ad_system', 3306, '', 0)
#1 /Applications/XAMPP/xamppfiles/htdocs/php-laravel/MD1/system/Database/BaseConnection.php(555): CodeIgniter\Database\MySQLi\Connection->connect(false)
#2 /Applications/XAMPP/xamppfiles/htdocs/php-laravel/MD1/system/Database/BaseConnection.php(795): CodeIgniter\Database\BaseConnection->initialize()
#3 /Applications/XAMPP/xamppfiles/htdocs/php-laravel/MD1/system/Database/BaseBuilder.php(1659): CodeIgniter\Database\BaseConnection->query('SELECT *\nFROM `...', Array, false)
#4 /Applications/XAMPP/xamppfiles/htdocs/php-laravel/MD1/system/Model.php(255): CodeIgniter\Database\BaseBuilder->get()
#5 /Applications/XAMPP/xamppfiles/htdocs/php-laravel/MD1/system/BaseModel.php(676): CodeIgniter\Model->doFindAll(0, 0)
#6 /Applications/XAMPP/xamppfiles/htdocs/php-laravel/MD1/app/Controllers/Customers.php(26): CodeIgniter\BaseModel->findAll()
#7 /Applications/XAMPP/xamppfiles/htdocs/php-laravel/MD1/system/CodeIgniter.php(974): App\Controllers\Customers->index()
#8 /Applications/XAMPP/xamppfiles/htdocs/php-laravel/MD1/system/CodeIgniter.php(520): CodeIgniter\CodeIgniter->runController(Object(App\Controllers\Customers))
#9 /Applications/XAMPP/xamppfiles/htdocs/php-laravel/MD1/system/CodeIgniter.php(363): CodeIgniter\CodeIgniter->handleRequest(NULL, Object(Config\Cache), false)
#10 /Applications/XAMPP/xamppfiles/htdocs/php-laravel/MD1/system/Boot.php(417): CodeIgniter\CodeIgniter->run()
#11 /Applications/XAMPP/xamppfiles/htdocs/php-laravel/MD1/system/Boot.php(68): CodeIgniter\Boot::runCodeIgniter(Object(CodeIgniter\CodeIgniter))
#12 /Applications/XAMPP/xamppfiles/htdocs/php-laravel/MD1/public/index.php(59): CodeIgniter\Boot::bootWeb(Object(Config\Paths))
#13 /Applications/XAMPP/xamppfiles/htdocs/php-laravel/MD1/system/rewrite.php(44): require_once('/Applications/X...')
#14 {main}

Next CodeIgniter\Database\Exceptions\DatabaseException: Unknown database 'ad_system' in /Applications/XAMPP/xamppfiles/htdocs/php-laravel/MD1/system/Database/MySQLi/Connection.php:231
Stack trace:
#0 /Applications/XAMPP/xamppfiles/htdocs/php-laravel/MD1/system/Database/BaseConnection.php(555): CodeIgniter\Database\MySQLi\Connection->connect(false)
#1 /Applications/XAMPP/xamppfiles/htdocs/php-laravel/MD1/system/Database/BaseConnection.php(795): CodeIgniter\Database\BaseConnection->initialize()
#2 /Applications/XAMPP/xamppfiles/htdocs/php-laravel/MD1/system/Database/BaseBuilder.php(1659): CodeIgniter\Database\BaseConnection->query('SELECT *\nFROM `...', Array, false)
#3 /Applications/XAMPP/xamppfiles/htdocs/php-laravel/MD1/system/Model.php(255): CodeIgniter\Database\BaseBuilder->get()
#4 /Applications/XAMPP/xamppfiles/htdocs/php-laravel/MD1/system/BaseModel.php(676): CodeIgniter\Model->doFindAll(0, 0)
#5 /Applications/XAMPP/xamppfiles/htdocs/php-laravel/MD1/app/Controllers/Customers.php(26): CodeIgniter\BaseModel->findAll()
#6 /Applications/XAMPP/xamppfiles/htdocs/php-laravel/MD1/system/CodeIgniter.php(974): App\Controllers\Customers->index()
#7 /Applications/XAMPP/xamppfiles/htdocs/php-laravel/MD1/system/CodeIgniter.php(520): CodeIgniter\CodeIgniter->runController(Object(App\Controllers\Customers))
#8 /Applications/XAMPP/xamppfiles/htdocs/php-laravel/MD1/system/CodeIgniter.php(363): CodeIgniter\CodeIgniter->handleRequest(NULL, Object(Config\Cache), false)
#9 /Applications/XAMPP/xamppfiles/htdocs/php-laravel/MD1/system/Boot.php(417): CodeIgniter\CodeIgniter->run()
#10 /Applications/XAMPP/xamppfiles/htdocs/php-laravel/MD1/system/Boot.php(68): CodeIgniter\Boot::runCodeIgniter(Object(CodeIgniter\CodeIgniter))
#11 /Applications/XAMPP/xamppfiles/htdocs/php-laravel/MD1/public/index.php(59): CodeIgniter\Boot::bootWeb(Object(Config\Paths))
#12 /Applications/XAMPP/xamppfiles/htdocs/php-laravel/MD1/system/rewrite.php(44): require_once('/Applications/X...')
#13 {main}
CRITICAL - 2026-10-09 17:37:03 --> CodeIgniter\Database\Exceptions\DatabaseException: Unable to connect to the database.
Main connection [MySQLi]: Unknown database 'ad_system'
[Method: GET, Route: customers]
in SYSTEMPATH/Database/BaseConnection.php on line 606.
 1 SYSTEMPATH/Database/BaseConnection.php(795): CodeIgniter\Database\BaseConnection->initialize()
 2 SYSTEMPATH/Database/BaseBuilder.php(1659): CodeIgniter\Database\BaseConnection->query('SELECT *
FROM `customers`
ORDER BY `id` DESC', [], false)
 3 SYSTEMPATH/Model.php(255): CodeIgniter\Database\BaseBuilder->get()
 4 SYSTEMPATH/BaseModel.php(676): CodeIgniter\Model->doFindAll(0, 0)
 5 APPPATH/Controllers/Customers.php(26): CodeIgniter\BaseModel->findAll()
 6 SYSTEMPATH/CodeIgniter.php(974): App\Controllers\Customers->index()
 7 SYSTEMPATH/CodeIgniter.php(520): CodeIgniter\CodeIgniter->runController(Object(App\Controllers\Customers))
 8 SYSTEMPATH/CodeIgniter.php(363): CodeIgniter\CodeIgniter->handleRequest(null, Object(Config\Cache), false)
 9 SYSTEMPATH/Boot.php(417): CodeIgniter\CodeIgniter->run()
10 SYSTEMPATH/Boot.php(68): CodeIgniter\Boot::runCodeIgniter(Object(CodeIgniter\CodeIgniter))
11 FCPATH/index.php(59): CodeIgniter\Boot::bootWeb(Object(Config\Paths))
12 SYSTEMPATH/rewrite.php(44): require_once('/Applications/XAMPP/xamppfiles/htdocs/php-laravel/MD1/public/index.php')
ERROR - 2026-10-09 17:38:44 --> Error connecting to the database: mysqli_sql_exception: Unknown database 'ad_system' in /Applications/XAMPP/xamppfiles/htdocs/php-laravel/MD1/system/Database/MySQLi/Connection.php:201
Stack trace:
#0 /Applications/XAMPP/xamppfiles/htdocs/php-laravel/MD1/system/Database/MySQLi/Connection.php(201): mysqli->real_connect('127.0.0.1', 'root', Object(SensitiveParameterValue), 'ad_system', 3306, '', 0)
#1 /Applications/XAMPP/xamppfiles/htdocs/php-laravel/MD1/system/Database/BaseConnection.php(555): CodeIgniter\Database\MySQLi\Connection->connect(false)
#2 /Applications/XAMPP/xamppfiles/htdocs/php-laravel/MD1/system/Database/Database.php(74): CodeIgniter\Database\BaseConnection->initialize()
#3 /Applications/XAMPP/xamppfiles/htdocs/php-laravel/MD1/system/Database/Config.php(111): CodeIgniter\Database\Database->loadForge(Object(CodeIgniter\Database\MySQLi\Connection))
#4 /Applications/XAMPP/xamppfiles/htdocs/php-laravel/MD1/system/Database/Seeder.php(103): CodeIgniter\Database\Config::forge('default')
#5 /Applications/XAMPP/xamppfiles/htdocs/php-laravel/MD1/system/Commands/Database/Seed.php(71): CodeIgniter\Database\Seeder->__construct(Object(Config\Database))
#6 /Applications/XAMPP/xamppfiles/htdocs/php-laravel/MD1/system/CLI/Commands.php(72): CodeIgniter\Commands\Database\Seed->run(Array)
#7 /Applications/XAMPP/xamppfiles/htdocs/php-laravel/MD1/system/CLI/Console.php(47): CodeIgniter\CLI\Commands->run('db:seed', Array)
#8 /Applications/XAMPP/xamppfiles/htdocs/php-laravel/MD1/system/Boot.php(444): CodeIgniter\CLI\Console->run()
#9 /Applications/XAMPP/xamppfiles/htdocs/php-laravel/MD1/system/Boot.php(166): CodeIgniter\Boot::runCommand(Object(CodeIgniter\CLI\Console))
#10 /Applications/XAMPP/xamppfiles/htdocs/php-laravel/MD1/spark(87): CodeIgniter\Boot::bootSpark(Object(Config\Paths))
#11 {main}

Next CodeIgniter\Database\Exceptions\DatabaseException: Unknown database 'ad_system' in /Applications/XAMPP/xamppfiles/htdocs/php-laravel/MD1/system/Database/MySQLi/Connection.php:231
Stack trace:
#0 /Applications/XAMPP/xamppfiles/htdocs/php-laravel/MD1/system/Database/BaseConnection.php(555): CodeIgniter\Database\MySQLi\Connection->connect(false)
#1 /Applications/XAMPP/xamppfiles/htdocs/php-laravel/MD1/system/Database/Database.php(74): CodeIgniter\Database\BaseConnection->initialize()
#2 /Applications/XAMPP/xamppfiles/htdocs/php-laravel/MD1/system/Database/Config.php(111): CodeIgniter\Database\Database->loadForge(Object(CodeIgniter\Database\MySQLi\Connection))
#3 /Applications/XAMPP/xamppfiles/htdocs/php-laravel/MD1/system/Database/Seeder.php(103): CodeIgniter\Database\Config::forge('default')
#4 /Applications/XAMPP/xamppfiles/htdocs/php-laravel/MD1/system/Commands/Database/Seed.php(71): CodeIgniter\Database\Seeder->__construct(Object(Config\Database))
#5 /Applications/XAMPP/xamppfiles/htdocs/php-laravel/MD1/system/CLI/Commands.php(72): CodeIgniter\Commands\Database\Seed->run(Array)
#6 /Applications/XAMPP/xamppfiles/htdocs/php-laravel/MD1/system/CLI/Console.php(47): CodeIgniter\CLI\Commands->run('db:seed', Array)
#7 /Applications/XAMPP/xamppfiles/htdocs/php-laravel/MD1/system/Boot.php(444): CodeIgniter\CLI\Console->run()
#8 /Applications/XAMPP/xamppfiles/htdocs/php-laravel/MD1/system/Boot.php(166): CodeIgniter\Boot::runCommand(Object(CodeIgniter\CLI\Console))
#9 /Applications/XAMPP/xamppfiles/htdocs/php-laravel/MD1/spark(87): CodeIgniter\Boot::bootSpark(Object(Config\Paths))
#10 {main}
CRITICAL - 2026-10-09 17:38:44 --> CodeIgniter\Database\Exceptions\DatabaseException: Unable to connect to the database.
Main connection [MySQLi]: Unknown database 'ad_system'
[Method: CLI, Route: db:seed/TaskManagementSeeder]
in SYSTEMPATH/Database/BaseConnection.php on line 606.
 1 SYSTEMPATH/Database/Database.php(74): CodeIgniter\Database\BaseConnection->initialize()
 2 SYSTEMPATH/Database/Config.php(111): CodeIgniter\Database\Database->loadForge(Object(CodeIgniter\Database\MySQLi\Connection))
 3 SYSTEMPATH/Database/Seeder.php(103): CodeIgniter\Database\Config::forge('default')
 4 SYSTEMPATH/Commands/Database/Seed.php(71): CodeIgniter\Database\Seeder->__construct(Object(Config\Database))
 5 SYSTEMPATH/CLI/Commands.php(72): CodeIgniter\Commands\Database\Seed->run([...])
 6 SYSTEMPATH/CLI/Console.php(47): CodeIgniter\CLI\Commands->run('db:seed', [...])
 7 SYSTEMPATH/Boot.php(444): CodeIgniter\CLI\Console->run()
 8 SYSTEMPATH/Boot.php(166): CodeIgniter\Boot::runCommand(Object(CodeIgniter\CLI\Console))
 9 ROOTPATH/spark(87): CodeIgniter\Boot::bootSpark(Object(Config\Paths))
ERROR - 2026-10-09 17:39:20 --> Error connecting to the database: mysqli_sql_exception: Unknown database 'ad_system' in /Applications/XAMPP/xamppfiles/htdocs/php-laravel/MD1/system/Database/MySQLi/Connection.php:201
Stack trace:
#0 /Applications/XAMPP/xamppfiles/htdocs/php-laravel/MD1/system/Database/MySQLi/Connection.php(201): mysqli->real_connect(NULL, 'root', Object(SensitiveParameterValue), 'ad_system', NULL, '/Applications/X...', 0)
#1 /Applications/XAMPP/xamppfiles/htdocs/php-laravel/MD1/system/Database/BaseConnection.php(555): CodeIgniter\Database\MySQLi\Connection->connect(false)
#2 /Applications/XAMPP/xamppfiles/htdocs/php-laravel/MD1/system/Database/Database.php(74): CodeIgniter\Database\BaseConnection->initialize()
#3 /Applications/XAMPP/xamppfiles/htdocs/php-laravel/MD1/system/Database/Config.php(111): CodeIgniter\Database\Database->loadForge(Object(CodeIgniter\Database\MySQLi\Connection))
#4 /Applications/XAMPP/xamppfiles/htdocs/php-laravel/MD1/system/Database/Seeder.php(103): CodeIgniter\Database\Config::forge('default')
#5 /Applications/XAMPP/xamppfiles/htdocs/php-laravel/MD1/system/Commands/Database/Seed.php(71): CodeIgniter\Database\Seeder->__construct(Object(Config\Database))
#6 /Applications/XAMPP/xamppfiles/htdocs/php-laravel/MD1/system/CLI/Commands.php(72): CodeIgniter\Commands\Database\Seed->run(Array)
#7 /Applications/XAMPP/xamppfiles/htdocs/php-laravel/MD1/system/CLI/Console.php(47): CodeIgniter\CLI\Commands->run('db:seed', Array)
#8 /Applications/XAMPP/xamppfiles/htdocs/php-laravel/MD1/system/Boot.php(444): CodeIgniter\CLI\Console->run()
#9 /Applications/XAMPP/xamppfiles/htdocs/php-laravel/MD1/system/Boot.php(166): CodeIgniter\Boot::runCommand(Object(CodeIgniter\CLI\Console))
#10 /Applications/XAMPP/xamppfiles/htdocs/php-laravel/MD1/spark(87): CodeIgniter\Boot::bootSpark(Object(Config\Paths))
#11 {main}

Next CodeIgniter\Database\Exceptions\DatabaseException: Unknown database 'ad_system' in /Applications/XAMPP/xamppfiles/htdocs/php-laravel/MD1/system/Database/MySQLi/Connection.php:231
Stack trace:
#0 /Applications/XAMPP/xamppfiles/htdocs/php-laravel/MD1/system/Database/BaseConnection.php(555): CodeIgniter\Database\MySQLi\Connection->connect(false)
#1 /Applications/XAMPP/xamppfiles/htdocs/php-laravel/MD1/system/Database/Database.php(74): CodeIgniter\Database\BaseConnection->initialize()
#2 /Applications/XAMPP/xamppfiles/htdocs/php-laravel/MD1/system/Database/Config.php(111): CodeIgniter\Database\Database->loadForge(Object(CodeIgniter\Database\MySQLi\Connection))
#3 /Applications/XAMPP/xamppfiles/htdocs/php-laravel/MD1/system/Database/Seeder.php(103): CodeIgniter\Database\Config::forge('default')
#4 /Applications/XAMPP/xamppfiles/htdocs/php-laravel/MD1/system/Commands/Database/Seed.php(71): CodeIgniter\Database\Seeder->__construct(Object(Config\Database))
#5 /Applications/XAMPP/xamppfiles/htdocs/php-laravel/MD1/system/CLI/Commands.php(72): CodeIgniter\Commands\Database\Seed->run(Array)
#6 /Applications/XAMPP/xamppfiles/htdocs/php-laravel/MD1/system/CLI/Console.php(47): CodeIgniter\CLI\Commands->run('db:seed', Array)
#7 /Applications/XAMPP/xamppfiles/htdocs/php-laravel/MD1/system/Boot.php(444): CodeIgniter\CLI\Console->run()
#8 /Applications/XAMPP/xamppfiles/htdocs/php-laravel/MD1/system/Boot.php(166): CodeIgniter\Boot::runCommand(Object(CodeIgniter\CLI\Console))
#9 /Applications/XAMPP/xamppfiles/htdocs/php-laravel/MD1/spark(87): CodeIgniter\Boot::bootSpark(Object(Config\Paths))
#10 {main}
CRITICAL - 2026-10-09 17:39:20 --> CodeIgniter\Database\Exceptions\DatabaseException: Unable to connect to the database.
Main connection [MySQLi]: Unknown database 'ad_system'
[Method: CLI, Route: db:seed/TaskManagementSeeder]
in SYSTEMPATH/Database/BaseConnection.php on line 606.
 1 SYSTEMPATH/Database/Database.php(74): CodeIgniter\Database\BaseConnection->initialize()
 2 SYSTEMPATH/Database/Config.php(111): CodeIgniter\Database\Database->loadForge(Object(CodeIgniter\Database\MySQLi\Connection))
 3 SYSTEMPATH/Database/Seeder.php(103): CodeIgniter\Database\Config::forge('default')
 4 SYSTEMPATH/Commands/Database/Seed.php(71): CodeIgniter\Database\Seeder->__construct(Object(Config\Database))
 5 SYSTEMPATH/CLI/Commands.php(72): CodeIgniter\Commands\Database\Seed->run([...])
 6 SYSTEMPATH/CLI/Console.php(47): CodeIgniter\CLI\Commands->run('db:seed', [...])
 7 SYSTEMPATH/Boot.php(444): CodeIgniter\CLI\Console->run()
 8 SYSTEMPATH/Boot.php(166): CodeIgniter\Boot::runCommand(Object(CodeIgniter\CLI\Console))
 9 ROOTPATH/spark(87): CodeIgniter\Boot::bootSpark(Object(Config\Paths))
